{"error_type":"MethodException","mode":"plan","phase":7,"status":"ERROR","utc":"2026-09-10T20:10:20.4979763Z","code":"POWERSHELL_FAILED"}
{"utc": "2026-09-10T20:10:37.200900+00:00", "run": "5b677aedee7741fb9f5194e708d59fe4", "mode": "plan", "phase": 1, "status": "STARTED", "code": "LOCAL_PATHS_NORMALIZED"}
{"utc": "2026-09-10T20:10:37.201551+00:00", "run": "5b677aedee7741fb9f5194e708d59fe4", "mode": "plan", "phase": 1, "status": "WARNING", "code": "FLAT_FILES_MISSING_BOOTSTRAP_ONLY"}
{"utc": "2026-09-10T20:10:37.751153+00:00", "run": "5b677aedee7741fb9f5194e708d59fe4", "mode": "plan", "phase": 4, "status": "SELECTED", "code": "CONTRACT_VALIDATED", "entity": "cat_almacen", "selected": true, "attributes": 15}
{"utc": "2026-09-10T20:10:37.752917+00:00", "run": "5b677aedee7741fb9f5194e708d59fe4", "mode": "plan", "phase": 4, "status": "SELECTED", "code": "CONTRACT_VALIDATED", "entity": "cat_canton", "selected": true, "attributes": 9}
{"utc": "2026-09-10T20:10:37.753489+00:00", "run": "5b677aedee7741fb9f5194e708d59fe4", "mode": "plan", "phase": 4, "status": "SELECTED", "code": "CONTRACT_VALIDATED", "entity": "cat_estadocivil", "selected": true, "attributes": 2}
{"utc": "2026-09-10T20:10:37.753776+00:00", "run": "5b677aedee7741fb9f5194e708d59fe4", "mode": "plan", "phase": 4, "status": "SELECTED", "code": "CONTRACT_VALIDATED", "entity": "cat_estadoverificacion", "selected": true, "attributes": 6}
{"utc": "2026-09-10T20:10:37.754472+00:00", "run": "5b677aedee7741fb9f5194e708d59fe4", "mode": "plan", "phase": 4, "status": "SELECTED", "code": "CONTRACT_VALIDATED", "entity": "cat_modelo_aprobador", "selected": true, "attributes": 22}
{"utc": "2026-09-10T20:10:37.755068+00:00", "run": "5b677aedee7741fb9f5194e708d59fe4", "mode": "plan", "phase": 4, "status": "SELECTED", "code": "CONTRACT_VALIDATED", "entity": "cat_modelo_calificacion", "selected": true, "attributes": 9}
{"utc": "2026-09-10T20:10:37.755553+00:00", "run": "5b677aedee7741fb9f5194e708d59fe4", "mode": "plan", "phase": 4, "status": "SELECTED", "code": "CONTRACT_VALIDATED", "entity": "cat_nacionalidad", "selected": true, "attributes": 3}
{"utc": "2026-09-10T20:10:37.756080+00:00", "run": "5b677aedee7741fb9f5194e708d59fe4", "mode": "plan", "phase": 4, "status": "SELECTED", "code": "CONTRACT_VALIDATED", "entity": "cat_nivelinstruccion", "selected": true, "attributes": 2}
{"utc": "2026-09-10T20:10:37.756559+00:00", "run": "5b677aedee7741fb9f5194e708d59fe4", "mode": "plan", "phase": 4, "status": "SELECTED", "code": "CONTRACT_VALIDATED", "entity": "cat_origen", "selected": true, "attributes": 8}
{"utc": "2026-09-10T20:10:37.758328+00:00", "run": "5b677aedee7741fb9f5194e708d59fe4", "mode": "plan", "phase": 4, "status": "SELECTED", "code": "CONTRACT_VALIDATED", "entity": "cat_parroquia", "selected": true, "attributes": 9}
{"utc": "2026-09-10T20:10:37.759324+00:00", "run": "5b677aedee7741fb9f5194e708d59fe4", "mode": "plan", "phase": 4, "status": "SELECTED", "code": "CONTRACT_VALIDATED", "entity": "cat_profesion", "selected": true, "attributes": 3}
{"utc": "2026-09-10T20:10:37.759642+00:00", "run": "5b677aedee7741fb9f5194e708d59fe4", "mode": "plan", "phase": 4, "status": "SELECTED", "code": "CONTRACT_VALIDATED", "entity": "cat_provincia", "selected": true, "attributes": 8}
{"utc": "2026-09-10T20:10:37.760013+00:00", "run": "5b677aedee7741fb9f5194e708d59fe4", "mode": "plan", "phase": 4, "status": "SELECTED", "code": "CONTRACT_VALIDATED", "entity": "cat_sector", "selected": true, "attributes": 9}
{"utc": "2026-09-10T20:10:37.760420+00:00", "run": "5b677aedee7741fb9f5194e708d59fe4", "mode": "plan", "phase": 4, "status": "SELECTED", "code": "CONTRACT_VALIDATED", "entity": "cat_sector_riesgo_geocerca", "selected": true, "attributes": 8}
{"utc": "2026-09-10T20:10:37.760661+00:00", "run": "5b677aedee7741fb9f5194e708d59fe4", "mode": "plan", "phase": 4, "status": "EXCLUDED", "code": "CONTRACT_VALIDATED", "entity": "cat_sexo", "selected": false, "attributes": 2}
{"utc": "2026-09-10T20:10:37.760953+00:00", "run": "5b677aedee7741fb9f5194e708d59fe4", "mode": "plan", "phase": 4, "status": "EXCLUDED", "code": "CONTRACT_VALIDATED", "entity": "cat_solicitud_estados", "selected": false, "attributes": 7}
{"utc": "2026-09-10T20:10:37.762666+00:00", "run": "5b677aedee7741fb9f5194e708d59fe4", "mode": "plan", "phase": 4, "status": "EXCLUDED", "code": "CONTRACT_VALIDATED", "entity": "cat_tipoverificacion", "selected": false, "attributes": 9}
{"utc": "2026-09-10T20:10:37.763118+00:00", "run": "5b677aedee7741fb9f5194e708d59fe4", "mode": "plan", "phase": 4, "status": "EXCLUDED", "code": "CONTRACT_VALIDATED", "entity": "cat_tipovinculo", "selected": false, "attributes": 3}
{"utc": "2026-09-10T20:10:37.763724+00:00", "run": "5b677aedee7741fb9f5194e708d59fe4", "mode": "plan", "phase": 4, "status": "EXCLUDED", "code": "CONTRACT_VALIDATED", "entity": "cfg_controlsecuencia", "selected": false, "attributes": 2}
{"utc": "2026-09-10T20:10:37.764973+00:00", "run": "5b677aedee7741fb9f5194e708d59fe4", "mode": "plan", "phase": 4, "status": "EXCLUDED", "code": "CONTRACT_VALIDATED", "entity": "cobro_tipo_credito_tb", "selected": false, "attributes": 3}
{"utc": "2026-09-10T20:10:37.767350+00:00", "run": "5b677aedee7741fb9f5194e708d59fe4", "mode": "plan", "phase": 4, "status": "EXCLUDED", "code": "CONTRACT_VALIDATED", "entity": "com_cub_cobros_cuotas_cresa_tb", "selected": false, "attributes": 21}
{"utc": "2026-09-10T20:10:37.767802+00:00", "run": "5b677aedee7741fb9f5194e708d59fe4", "mode": "plan", "phase": 4, "status": "EXCLUDED", "code": "CONTRACT_VALIDATED", "entity": "cre_solicitante", "selected": false, "attributes": 33}
{"utc": "2026-09-10T20:10:37.768425+00:00", "run": "5b677aedee7741fb9f5194e708d59fe4", "mode": "plan", "phase": 4, "status": "EXCLUDED", "code": "CONTRACT_VALIDATED", "entity": "cre_solicitante_mina", "selected": false, "attributes": 4}
{"utc": "2026-09-10T20:10:37.768887+00:00", "run": "5b677aedee7741fb9f5194e708d59fe4", "mode": "plan", "phase": 4, "status": "EXCLUDED", "code": "CONTRACT_VALIDATED", "entity": "cre_solicitud", "selected": false, "attributes": 59}
{"utc": "2026-09-10T20:10:37.769317+00:00", "run": "5b677aedee7741fb9f5194e708d59fe4", "mode": "plan", "phase": 4, "status": "EXCLUDED", "code": "CONTRACT_VALIDATED", "entity": "cre_solicitud_bitacora", "selected": false, "attributes": 5}
{"utc": "2026-09-10T20:10:37.769633+00:00", "run": "5b677aedee7741fb9f5194e708d59fe4", "mode": "plan", "phase": 4, "status": "EXCLUDED", "code": "CONTRACT_VALIDATED", "entity": "cre_solicituddomicilio", "selected": false, "attributes": 26}
{"utc": "2026-09-10T20:10:37.770001+00:00", "run": "5b677aedee7741fb9f5194e708d59fe4", "mode": "plan", "phase": 4, "status": "EXCLUDED", "code": "CONTRACT_VALIDATED", "entity": "cre_solicitudlaboral", "selected": false, "attributes": 27}
{"utc": "2026-09-10T20:10:37.770420+00:00", "run": "5b677aedee7741fb9f5194e708d59fe4", "mode": "plan", "phase": 4, "status": "EXCLUDED", "code": "CONTRACT_VALIDATED", "entity": "cub_cobro_cuotas", "selected": false, "attributes": 23}
{"utc": "2026-09-10T20:10:37.770926+00:00", "run": "5b677aedee7741fb9f5194e708d59fe4", "mode": "plan", "phase": 4, "status": "EXCLUDED", "code": "CONTRACT_VALIDATED", "entity": "lcr_cuentas", "selected": false, "attributes": 21}
{"utc": "2026-09-10T20:10:37.771354+00:00", "run": "5b677aedee7741fb9f5194e708d59fe4", "mode": "plan", "phase": 4, "status": "EXCLUDED", "code": "CONTRACT_VALIDATED", "entity": "lcr_graduacion", "selected": false, "attributes": 45}
{"utc": "2026-09-10T20:10:37.774990+00:00", "run": "5b677aedee7741fb9f5194e708d59fe4", "mode": "plan", "phase": 4, "status": "EXCLUDED", "code": "CONTRACT_VALIDATED", "entity": "lcr_reserva_cuotas", "selected": false, "attributes": 13}
{"utc": "2026-09-10T20:10:37.775583+00:00", "run": "5b677aedee7741fb9f5194e708d59fe4", "mode": "plan", "phase": 4, "status": "EXCLUDED", "code": "CONTRACT_VALIDATED", "entity": "sec_usuario", "selected": false, "attributes": 12}
{"utc": "2026-09-10T20:10:37.776054+00:00", "run": "5b677aedee7741fb9f5194e708d59fe4", "mode": "plan", "phase": 4, "status": "EXCLUDED", "code": "CONTRACT_VALIDATED", "entity": "sis_peticiones", "selected": false, "attributes": 10}
{"utc": "2026-09-10T20:10:37.776537+00:00", "run": "5b677aedee7741fb9f5194e708d59fe4", "mode": "plan", "phase": 4, "status": "EXCLUDED", "code": "CONTRACT_VALIDATED", "entity": "ver_respuesta_proveedor", "selected": false, "attributes": 13}
{"utc": "2026-09-10T20:10:37.791295+00:00", "run": "5b677aedee7741fb9f5194e708d59fe4", "mode": "plan", "phase": 6, "status": "VERIFIED", "code": "LOCAL_PLAN_ONLY", "objects": 43}
{"utc": "2026-09-14T20:02:01.674048+00:00", "run": "b2f92ac3274a4164a7310fe0380bbb7d", "mode": "reverse", "phase": 1, "status": "STARTED", "code": "LOCAL_PATHS_NORMALIZED"}
{"utc": "2026-09-14T20:02:01.675698+00:00", "run": "b2f92ac3274a4164a7310fe0380bbb7d", "mode": "reverse", "phase": 6, "status": "ERROR", "code": "OPERATION_FAILED", "error_type": "FileNotFoundError"}
{"code":"POWERSHELL_FAILED","error_type":"RuntimeException","mode":"reverse","phase":7,"utc":"2026-09-14T20:02:01.6965325Z","status":"ERROR"}
{"utc": "2026-09-14T20:13:10.411868+00:00", "run": "38557ea9ceb648e4910e87e144d835c6", "mode": "reverse-plan", "phase": 1, "status": "STARTED", "code": "LOCAL_PATHS_NORMALIZED"}
{"utc": "2026-09-14T20:13:10.412892+00:00", "run": "38557ea9ceb648e4910e87e144d835c6", "mode": "reverse-plan", "phase": 6, "status": "ERROR", "code": "MANIFEST_MISSING", "manifest": "C:\\desa\\git\\cresa\\cre_implementacion\\pre_productiva\\.deployment\\cresa_credito_cresa.json"}
{"utc": "2026-09-14T20:13:10.413932+00:00", "run": "38557ea9ceb648e4910e87e144d835c6", "mode": "reverse-plan", "phase": 6, "status": "ERROR", "code": "OPERATION_FAILED", "error_type": "FileNotFoundError"}
{"code":"POWERSHELL_FAILED","utc":"2026-09-14T20:13:10.4831391Z","mode":"reverse-plan","error_type":"RuntimeException","status":"ERROR","phase":7}
{"utc": "2026-09-14T20:48:28.773161+00:00", "run": "7a44973c69ec4a5580cd7a2903f367a2", "mode": "reverse-plan", "phase": 1, "status": "STARTED", "code": "LOCAL_PATHS_NORMALIZED"}
{"utc": "2026-09-14T20:48:29.337168+00:00", "run": "7a44973c69ec4a5580cd7a2903f367a2", "mode": "reverse-plan", "phase": 6, "status": "PLANNED", "code": "LOCAL_REVERSE_PLAN", "entities": 14}
{"utc": "2026-09-14T20:48:53.526302+00:00", "run": "7410a0f31afe49c8bcf12e11212a916c", "mode": "reverse-plan", "phase": 1, "status": "STARTED", "code": "LOCAL_PATHS_NORMALIZED"}
{"utc": "2026-09-14T20:48:54.121721+00:00", "run": "7410a0f31afe49c8bcf12e11212a916c", "mode": "reverse-plan", "phase": 6, "status": "PLANNED", "code": "LOCAL_REVERSE_PLAN", "entities": 14}
{"utc": "2026-09-14T20:49:25.614555+00:00", "run": "8b187a6ead154d4d9808156169663390", "mode": "reverse-plan", "phase": 1, "status": "STARTED", "code": "LOCAL_PATHS_NORMALIZED"}
{"utc": "2026-09-14T20:49:25.900699+00:00", "run": "8b187a6ead154d4d9808156169663390", "mode": "reverse-plan", "phase": 6, "status": "PLANNED", "code": "LOCAL_REVERSE_PLAN", "entities": 14}
{"error_type":"RuntimeException","utc":"2026-09-14T21:12:51.1758710Z","mode":"plan","phase":7,"code":"POWERSHELL_FAILED","status":"ERROR"}
